---
source: tui/src/startup_draft_tests.rs
expression: "snapshots.join(\"\\n---\\n\")"
---
empty (48 columns):
╭──────────────────────────────────────────────╮
│ ✻ Claudex (v<VERSION>)                         │
│ Pull up a prompt.                            │
│ loading · Codex engine                       │
│ loading                                      │
│ /help commands · /tasks agents               │
╰──────────────────────────────────────────────╯

────────────────────────────────────────────────
› Try a task, /help for commands, or @path for
────────────────────────────────────────────────
  ? for shortcuts
---
resuming (48 columns):
╭──────────────────────────────────────────────╮
│ ✻ Claudex (v<VERSION>)                         │
│ Welcome to Claudex                           │
│ loading · Codex engine                       │
│ loading                                      │
│ /help commands · /tasks agents               │
╰──────────────────────────────────────────────╯
  Resuming session…
────────────────────────────────────────────────
› Try a task, /help for commands, or @path for
────────────────────────────────────────────────
  ? for shortcuts
---
forking (48 columns):
╭──────────────────────────────────────────────╮
│ ✻ Claudex (v<VERSION>)                         │
│ Welcome to Claudex                           │
│ loading · Codex engine                       │
│ loading                                      │
│ /help commands · /tasks agents               │
╰──────────────────────────────────────────────╯
  Forking session…
────────────────────────────────────────────────
› draft while loading
────────────────────────────────────────────────

---
multiline (48 columns):
╭──────────────────────────────────────────────╮
│ ✻ Claudex (v<VERSION>)                         │
│ Pull up a prompt.                            │
│ loading · Codex engine                       │
│ loading                                      │
│ /help commands · /tasks agents               │
╰──────────────────────────────────────────────╯

────────────────────────────────────────────────
› first startup line
  second startup line
────────────────────────────────────────────────

---
narrow (18 columns):
╭────────────────╮
│ ✻ Claudex (v0… │
│ Pull up a pro… │
│ loading · Cod… │
│ loading        │
│ /help command… │
╰────────────────╯

──────────────────
› first startup
  line
  second startup
  line
──────────────────
