---
source: tui/src/startup_draft_tests.rs
expression: frames
---
before onboarding: hidden (0x0 viewport)
---
after onboarding:
╭──────────────────────────────────────────────────────────────────────────────╮
│ ✻ Claudex (v<VERSION>)                           │ /help commands              │
│ Pull up a prompt.                              │ /agents roles               │
│ loading · Codex engine                         │ /tasks session agents       │
│ loading                                        │ /workflows runs             │
╰──────────────────────────────────────────────────────────────────────────────╯

────────────────────────────────────────────────────────────────────────────────
› Try a task, /help for commands, or @path for files
────────────────────────────────────────────────────────────────────────────────
  ? for shortcuts
