---
source: tui/src/startup_draft_tests.rs
expression: "snapshots.join(\"\\n---\\n\")"
---
resume lookup fallback:
before:
  ▄████▄   Claudex v<VERSION> · Codex
 ██  ▄▄▄   loading
  ▀████▀   loading

Pull up a prompt.
/help commands · /tasks agents
  Resuming session…
────────────────────────────────────────────────
❯ draft while loading
────────────────────────────────────────────────

after:
  ▄████▄   Claudex v<VERSION> · Codex
 ██  ▄▄▄   loading
  ▀████▀   loading

Pull up a prompt.
/help commands · /tasks agents

────────────────────────────────────────────────
❯ draft while loading
────────────────────────────────────────────────

---
fork lookup fallback:
before:
  ▄████▄   Claudex v<VERSION> · Codex
 ██  ▄▄▄   loading
  ▀████▀   loading

Pull up a prompt.
/help commands · /tasks agents
  Forking session…
────────────────────────────────────────────────
❯ draft while loading
────────────────────────────────────────────────

after:
  ▄████▄   Claudex v<VERSION> · Codex
 ██  ▄▄▄   loading
  ▀████▀   loading

Pull up a prompt.
/help commands · /tasks agents

────────────────────────────────────────────────
❯ draft while loading
────────────────────────────────────────────────

---
resume picker cancellation:
before:
hidden while picker owns input
after:
  ▄████▄   Claudex v<VERSION> · Codex
 ██  ▄▄▄   loading
  ▀████▀   loading

Pull up a prompt.
/help commands · /tasks agents

────────────────────────────────────────────────
❯ Try a task, /help for commands, or @path for
────────────────────────────────────────────────
  ? for shortcuts
---
fork picker cancellation:
before:
hidden while picker owns input
after:
  ▄████▄   Claudex v<VERSION> · Codex
 ██  ▄▄▄   loading
  ▀████▀   loading

Pull up a prompt.
/help commands · /tasks agents

────────────────────────────────────────────────
❯ Try a task, /help for commands, or @path for
────────────────────────────────────────────────
  ? for shortcuts
