---
source: tui/src/startup_draft_tests.rs
expression: frames
---
before onboarding: hidden (0x0 viewport)
---
after onboarding:
  ▄████▄   Claudex v<VERSION> · Codex
 ██  ▄▄▄   loading
  ▀████▀   loading

Pull up a prompt.
/help commands · /agents profiles · /tasks agents · /workflows runs

────────────────────────────────────────────────────────────────────────────────
❯ Try a task, /help for commands, or @path for files
────────────────────────────────────────────────────────────────────────────────
  ? for shortcuts
