---
source: tui/src/app/agents_overview_tests.rs
assertion_line: 1371
expression: "render_bottom_popup(&app.chat_widget, 96)"
---
  Agent command center  Group: Project  g
   All 0   Needs you 0   Working 0   Ready 0   Inactive 0                 tab/shift+tab filter
  ────────────────────────────────────────────────────────────────────────────────────────────
  Loading tasks…                                      │
                                                      │
                                                      │
                                                      │
                                                      │
                                                      │
                                                      │
                                                      │
                                                      │
                                                      │
                                                      │
                                                      │
                                                      │
                                                      │
                                                      │
                                                      │
                                                      │
                                                      │
                                                      │
                                                      │
  ? help  esc back  ↑/↓ move  enter open  n new
