---
source: tui/src/chatwidget/tests/claudex_commands_tests.rs
assertion_line: 45
expression: rendered
---
  Agent roles
  Loaded configuration · /tasks shows agents in this session

  Find a role

› Active agents and threads  Open session agents; arrows navigate, right opens,
                             left returns.
  researcher                 Inspect the repository with evidence.

  enter select · esc back
