---
source: tui/src/chatwidget/tests/backend_banners_tests.rs
expression: normalize_snapshot_paths(rendered)
---
  Selected model usage exhausted
  Ask your owner for credits or switch to another model.

──────────────────────────────────────────────────────────────────────
› Try a task, /help for commands, or @path for files
──────────────────────────────────────────────────────────────────────
  test-model-a default · /tmp/project
