---
source: tui/src/app/thread_title_tests.rs
expression: normalize_snapshot_paths(popup)
---
────────────────────────────────────────────────────────────────────────────────────────────────────────────────────────
› Try a task, /help for commands, or @path for files
────────────────────────────────────────────────────────────────────────────────────────────────────────────────────────
  gpt-5.2 default · /tmp/project · Keep this title
