---
source: tui/src/app/tests/fresh_sparkle_tests.rs
expression: "snapshots.join(\"\\n\\n\")"
---
default no-op:
────────────────────────────────────────────────────────────────────────────────
› Try a task, /help for commands, or @path for files
────────────────────────────────────────────────────────────────────────────────

default changes model:
                            ⠈     ⢀     ⠁                 ⠂
›⠁Try a task, /help for commands, or @path for files
       ⢀            ⠠     ⠄         ⠠          ⢀    ⠠     ⡀
