---
source: tui/src/app/tests/fresh_sparkle_tests.rs
expression: "snapshots.join(\"\\n\\n\")"
---
untouched:
                            ⠈     ⢀     ⠁                 ⠂
❯⠁Try a task, /help for commands, or @path for files
       ⢀            ⠠     ⠄         ⠠          ⢀    ⠠     ⡀

typed then erased:
────────────────────────────────────────────────────────────────────────────────
❯ Try a task, /help for commands, or @path for files
────────────────────────────────────────────────────────────────────────────────
