---
source: core/tests/suite/scenarios.rs
expression: "context_snapshot::format_request_history_snapshot(\"Astra calls list_agents using the selected catalog parameter schema.\",\n&mock.requests(),\n&ContextSnapshotOptions::default().include_request_settings(),)"
---
Scenario: Astra calls list_agents using the selected catalog parameter schema.

## Window 1
Settings:
  include: ["reasoning.encrypted_content"]
  model: "gpt-6-astra"
  parallel_tool_calls: false
  prompt_cache_key: "<PROMPT_CACHE_KEY 1>"
  reasoning: {"context":"all_turns","effort":"low"}
  store: false
  stream: true
  text: {"verbosity":"low"}
  tool_choice: "auto"
-- request 1 (turn) --
00:additional_tools/developer (3; hash=fd0fcd40dd88562f):
        - namespace/functions; hash=795055df781b0e09
          - custom/exec
          - function/wait
          - function/request_user_input
          - function/request_user_input_async
        - namespace/clock: Tools for reading and waiting on time.; hash=f402e8c5e9b5e317
          - function/sleep
        - namespace/collaboration: Tools for spawning and managing sub-agents.; hash=170baa4086bfe3cb
          - function/followup_task
          - function/interrupt_agent
          - function/list_agents
          - function/send_message
          - function/spawn_agent
          - function/wait_agent
01:message/developer:
    You are Claude Code, Anthropic's official CLI for Claude. You are an interactive agent that helps users ...ow and the tools available to you to assist the user. [hash=b748f305c3338d99]

    IMPORTANT: Assist with authorized security testing, defensive security, CTF challenges, and educational ...petitions, security research, or defensive use cases. [hash=45dacb6eb4e87e44]

    IMPORTANT: You must NEVER generate or guess URLs for the user unless you are confident that the URLs are...rovided by the user in their messages or local files. [hash=876f7a7e51bdd948]

    All text you output outside of tool use is displayed to the user. Output text to communicate with the user. You can use GitHub-flavored markdown for formatting.
    Tools are executed in a user-selected permission mode. When you attempt to call a tool that is not autom...er has denied the tool call and adjust your approach. [hash=e1ee6abd19727303]
    <OMITTED 113 LINES; ~3758 TOKENS; hash=a808a2d9b228fbd7>
    ## When NOT to be lazy
    Never simplify away: input validation at trust boundaries, error handling that prevents data loss, secur...nsists on the full version, build it — no re-arguing. [hash=ac7f60ebf1b7f3d7]
    Non-trivial logic (a branch, a loop, a parser, a money/security path) leaves ONE runnable check behind —...f the logic breaks. Trivial one-liners need no check. [hash=3d7ddb8ca44ab6f1]

    ## Output
    Code first. Then at most three short lines: what was skipped, when to add it. If the explanation is long... for a report or walkthrough, which is given in full. [hash=b78c2d812b858ca0]
    The shortest path to done is the right path. "stop ponytail" / "normal mode" reverts; the level persists until changed or session end.

02:message/developer[2]:
    [01] <permissions instructions>
        Filesystem sandboxing defines which files can be read or written. `sandbox_mode` is `danger-full-access`...ll commands are permitted. Network access is enabled. [hash=c134061cebb94a1b]
        Approval policy is currently never. Do not provide the `sandbox_permissions` for any reason, commands will be rejected.
        </permissions instructions>
    [02] <collaboration_mode># Collaboration Mode: Default

        You are now in Default mode. Any previous instructions for other modes (e.g. Plan mode) are no longer active.

        Your active mode changes only when new developer instructions with a different `<collaboration_mode>...<...by themselves. Known mode names are Default and Plan. [hash=e75f6b12fc52d812]

        ## request_user_input availability

        Use the `request_user_input` tool only when it is listed in the available tools for this turn.

        Use the `request_user_input` tool only for optional questions where the answer would materially improve the quality of the work.

        If `request_user_input` returns no answers, continue with best judgment instead of asking again or treating the turn as blocked.

        Never use the `request_user_input` tool for permission requests or permission-related escalations.
        </collaboration_mode>
03:message/developer:
    <multi_agent_role>You are `/root`, the primary agent in a team of agents collaborating to fulfill the user's goals.

    At the start of your turn, you are the active agent.
    You can spawn sub-agents to handle subtasks, and those sub-agents can spawn their own sub-agents.
    All agents in the team, including the agents that you can assign tasks to, are equally intelligent and capable, and have access to the same set of tools.

    You can use `spawn_agent` to create a new agent, `followup_task` to give an existing agent a new task an...message to a running agent without triggering a turn. [hash=7d40ff8b58977202]
    `send_message` calls may be read by a human, so ensure they are legible. Always put proper spaces between words and/or numbers.
    <OMITTED 17 LINES; ~246 TOKENS; hash=780031e2df907944>
    - All agents use the same current working directory.
    - As a result, edits made by one agent are immediately visible to all other agents.

    When calling `wait_agent`, prefer longer waits (minutes) to avoid busy polling.

    There are 4 available concurrency slots, meaning that up to 4 agents can be active at once, including you.

    Full-history forks (`fork_turns` omitted or `"all"`) inherit the parent model and reasoning effort and d...ne"` or a positive integer string.</multi_agent_role> [hash=c7f52e90688299ce]
04:message/developer:
    <multi_agent_mode>Any earlier instruction enabling proactive multi-agent delegation no longer applies. D...elegation, or parallel agent work.</multi_agent_mode> [hash=2b6e037067b4390c]
05:message/user:
    <environment_context>
      <cwd><CWD></cwd>
      <shell><HOST_SHELL></shell>
      <current_date><CURRENT_DATE></current_date>
      <timezone><HOST_TIMEZONE></timezone>
      <filesystem><workspace_roots><root><CWD></root></workspace_roots><permission_profile type="disabled"><...e="unrestricted" /></permission_profile></filesystem> [hash=d40b2f45cb028888]
    </environment_context>
06:message/user:
    Check which agents are working under /root before delegating more work.
-- request 2 (turn) --
07:function_call/collaboration.list_agents:{"path_prefix":"/root"}
08:function_call_output:{"agents":[{"agent_name":"/root","agent_status":"running"}]}
