---
source: tui/src/chatwidget/tests/status_and_layout.rs
expression: normalized_backend_snapshot(terminal.backend())
---
"                                                                                "
"────────────────────────────────────────────────────────────────────────────────"
"❯ Try a task, /help for commands, or @path for files                            "
"────────────────────────────────────────────────────────────────────────────────"
"  gpt-5.2 high                                                                  "
